[2026-09-06T15:34:13.773+0000] {manager.py:470} INFO - Processing files using up to 2 processes at a time 
[2026-09-06T15:34:13.776+0000] {manager.py:471} INFO - Process each file at most once every 30 seconds
[2026-09-06T15:34:13.778+0000] {manager.py:472} INFO - Checking for new files in /opt/airflow/dags every 300 seconds
[2026-09-06T15:34:13.779+0000] {manager.py:737} INFO - Searching for files in /opt/airflow/dags
[2026-09-06T15:34:13.826+0000] {manager.py:740} INFO - There are 1 files in /opt/airflow/dags
[2026-09-06T15:34:14.422+0000] {manager.py:878} INFO - 
================================================================================
DAG File Processing Stats

File Path                                          PID  Runtime      # DAGs    # Errors  Last Runtime    Last Run
-----------------------------------------------  -----  ---------  --------  ----------  --------------  ----------
/opt/airflow/dags/retailscale_daily_pipeline.py    172  0.31s             0           0
================================================================================
[2026-09-06T15:34:44.730+0000] {manager.py:878} INFO - 
================================================================================
DAG File Processing Stats

File Path                                        PID    Runtime      # DAGs    # Errors  Last Runtime    Last Run
-----------------------------------------------  -----  ---------  --------  ----------  --------------  -------------------
/opt/airflow/dags/retailscale_daily_pipeline.py                           1           0  0.66s           2026-09-06T15:34:14
================================================================================
[2026-09-06T15:35:15.048+0000] {manager.py:878} INFO - 
================================================================================
DAG File Processing Stats

File Path                                        PID    Runtime      # DAGs    # Errors  Last Runtime    Last Run
-----------------------------------------------  -----  ---------  --------  ----------  --------------  -------------------
/opt/airflow/dags/retailscale_daily_pipeline.py                           1           0  0.99s           2026-09-06T15:34:46
================================================================================
[2026-09-06T15:35:45.677+0000] {manager.py:878} INFO - 
================================================================================
DAG File Processing Stats

File Path                                        PID    Runtime      # DAGs    # Errors  Last Runtime    Last Run
-----------------------------------------------  -----  ---------  --------  ----------  --------------  -------------------
/opt/airflow/dags/retailscale_daily_pipeline.py                           1           0  0.41s           2026-09-06T15:35:16
================================================================================
[2026-09-06T15:36:16.125+0000] {manager.py:878} INFO - 
================================================================================
DAG File Processing Stats

File Path                                        PID    Runtime      # DAGs    # Errors  Last Runtime    Last Run
-----------------------------------------------  -----  ---------  --------  ----------  --------------  -------------------
/opt/airflow/dags/retailscale_daily_pipeline.py                           1           0  0.35s           2026-09-06T15:35:47
================================================================================
[2026-09-06T15:36:46.585+0000] {manager.py:878} INFO - 
================================================================================
DAG File Processing Stats

File Path                                        PID    Runtime      # DAGs    # Errors  Last Runtime    Last Run
-----------------------------------------------  -----  ---------  --------  ----------  --------------  -------------------
/opt/airflow/dags/retailscale_daily_pipeline.py                           1           0  0.28s           2026-09-06T15:36:17
================================================================================
[2026-09-06T15:37:16.969+0000] {manager.py:878} INFO - 
================================================================================
DAG File Processing Stats

File Path                                        PID    Runtime      # DAGs    # Errors  Last Runtime    Last Run
-----------------------------------------------  -----  ---------  --------  ----------  --------------  -------------------
/opt/airflow/dags/retailscale_daily_pipeline.py                           1           0  0.26s           2026-09-06T15:36:47
================================================================================
[2026-09-06T15:37:47.446+0000] {manager.py:878} INFO - 
================================================================================
DAG File Processing Stats

File Path                                        PID    Runtime      # DAGs    # Errors  Last Runtime    Last Run
-----------------------------------------------  -----  ---------  --------  ----------  --------------  -------------------
/opt/airflow/dags/retailscale_daily_pipeline.py                           1           0  0.22s           2026-09-06T15:37:18
================================================================================
[2026-09-06T15:38:17.759+0000] {manager.py:878} INFO - 
================================================================================
DAG File Processing Stats

File Path                                        PID    Runtime      # DAGs    # Errors  Last Runtime    Last Run
-----------------------------------------------  -----  ---------  --------  ----------  --------------  -------------------
/opt/airflow/dags/retailscale_daily_pipeline.py                           1           0  0.22s           2026-09-06T15:37:48
================================================================================
[2026-09-06T15:38:48.210+0000] {manager.py:878} INFO - 
================================================================================
DAG File Processing Stats

File Path                                        PID    Runtime      # DAGs    # Errors  Last Runtime    Last Run
-----------------------------------------------  -----  ---------  --------  ----------  --------------  -------------------
/opt/airflow/dags/retailscale_daily_pipeline.py                           1           0  0.16s           2026-09-06T15:38:18
================================================================================
[2026-09-06T15:39:13.790+0000] {manager.py:737} INFO - Searching for files in /opt/airflow/dags
[2026-09-06T15:39:13.906+0000] {manager.py:740} INFO - There are 1 files in /opt/airflow/dags
[2026-09-06T15:39:18.552+0000] {manager.py:878} INFO - 
================================================================================
DAG File Processing Stats

File Path                                        PID    Runtime      # DAGs    # Errors  Last Runtime    Last Run
-----------------------------------------------  -----  ---------  --------  ----------  --------------  -------------------
/opt/airflow/dags/retailscale_daily_pipeline.py                           1           0  0.32s           2026-09-06T15:38:49
================================================================================
[2026-09-06T15:39:48.856+0000] {manager.py:878} INFO - 
================================================================================
DAG File Processing Stats

File Path                                        PID    Runtime      # DAGs    # Errors  Last Runtime    Last Run
-----------------------------------------------  -----  ---------  --------  ----------  --------------  -------------------
/opt/airflow/dags/retailscale_daily_pipeline.py                           1           0  0.16s           2026-09-06T15:39:19
================================================================================
[2026-09-06T15:40:19.262+0000] {manager.py:878} INFO - 
================================================================================
DAG File Processing Stats

File Path                                        PID    Runtime      # DAGs    # Errors  Last Runtime    Last Run
-----------------------------------------------  -----  ---------  --------  ----------  --------------  -------------------
/opt/airflow/dags/retailscale_daily_pipeline.py                           1           0  0.31s           2026-09-06T15:39:50
================================================================================
[2026-09-06T15:40:49.651+0000] {manager.py:878} INFO - 
================================================================================
DAG File Processing Stats

File Path                                        PID    Runtime      # DAGs    # Errors  Last Runtime    Last Run
-----------------------------------------------  -----  ---------  --------  ----------  --------------  -------------------
/opt/airflow/dags/retailscale_daily_pipeline.py                           1           0  0.18s           2026-09-06T15:40:20
================================================================================
[2026-09-06T15:41:20.060+0000] {manager.py:878} INFO - 
================================================================================
DAG File Processing Stats

File Path                                        PID    Runtime      # DAGs    # Errors  Last Runtime    Last Run
-----------------------------------------------  -----  ---------  --------  ----------  --------------  -------------------
/opt/airflow/dags/retailscale_daily_pipeline.py                           1           0  0.27s           2026-09-06T15:40:50
================================================================================
[2026-09-06T15:41:50.498+0000] {manager.py:878} INFO - 
================================================================================
DAG File Processing Stats

File Path                                        PID    Runtime      # DAGs    # Errors  Last Runtime    Last Run
-----------------------------------------------  -----  ---------  --------  ----------  --------------  -------------------
/opt/airflow/dags/retailscale_daily_pipeline.py                           1           0  0.16s           2026-09-06T15:41:21
================================================================================
[2026-09-06T15:42:20.870+0000] {manager.py:878} INFO - 
================================================================================
DAG File Processing Stats

File Path                                        PID    Runtime      # DAGs    # Errors  Last Runtime    Last Run
-----------------------------------------------  -----  ---------  --------  ----------  --------------  -------------------
/opt/airflow/dags/retailscale_daily_pipeline.py                           1           0  0.25s           2026-09-06T15:41:51
================================================================================
[2026-09-06T15:42:51.365+0000] {manager.py:878} INFO - 
================================================================================
DAG File Processing Stats

File Path                                        PID    Runtime      # DAGs    # Errors  Last Runtime    Last Run
-----------------------------------------------  -----  ---------  --------  ----------  --------------  -------------------
/opt/airflow/dags/retailscale_daily_pipeline.py                           1           0  0.20s           2026-09-06T15:42:22
================================================================================
[2026-09-06T15:43:21.675+0000] {manager.py:878} INFO - 
================================================================================
DAG File Processing Stats

File Path                                        PID    Runtime      # DAGs    # Errors  Last Runtime    Last Run
-----------------------------------------------  -----  ---------  --------  ----------  --------------  -------------------
/opt/airflow/dags/retailscale_daily_pipeline.py                           1           0  0.11s           2026-09-06T15:42:52
================================================================================
[2026-09-06T15:43:29.889+0000] {manager.py:452} INFO - Exiting gracefully upon receiving signal 15
[2026-09-06T16:34:47.718+0000] {manager.py:470} INFO - Processing files using up to 2 processes at a time 
[2026-09-06T16:34:47.722+0000] {manager.py:471} INFO - Process each file at most once every 30 seconds
[2026-09-06T16:34:47.730+0000] {manager.py:472} INFO - Checking for new files in /opt/airflow/dags every 300 seconds
[2026-09-06T16:34:47.736+0000] {manager.py:737} INFO - Searching for files in /opt/airflow/dags
[2026-09-06T16:34:47.793+0000] {manager.py:740} INFO - There are 1 files in /opt/airflow/dags
[2026-09-06T16:34:47.959+0000] {manager.py:878} INFO - 
================================================================================
DAG File Processing Stats

File Path                                          PID  Runtime      # DAGs    # Errors  Last Runtime    Last Run
-----------------------------------------------  -----  ---------  --------  ----------  --------------  ----------
/opt/airflow/dags/retailscale_daily_pipeline.py    173  0.06s             0           0
================================================================================
[2026-09-06T16:35:18.260+0000] {manager.py:878} INFO - 
================================================================================
DAG File Processing Stats

File Path                                          PID  Runtime      # DAGs    # Errors  Last Runtime    Last Run
-----------------------------------------------  -----  ---------  --------  ----------  --------------  -------------------
/opt/airflow/dags/retailscale_daily_pipeline.py    180  0.00s             1           0  0.24s           2026-09-06T16:34:48
================================================================================
[2026-09-06T16:35:48.702+0000] {manager.py:878} INFO - 
================================================================================
DAG File Processing Stats

File Path                                        PID    Runtime      # DAGs    # Errors  Last Runtime    Last Run
-----------------------------------------------  -----  ---------  --------  ----------  --------------  -------------------
/opt/airflow/dags/retailscale_daily_pipeline.py                           1           0  0.66s           2026-09-06T16:35:18
================================================================================
[2026-09-06T16:36:18.933+0000] {manager.py:878} INFO - 
================================================================================
DAG File Processing Stats

File Path                                        PID    Runtime      # DAGs    # Errors  Last Runtime    Last Run
-----------------------------------------------  -----  ---------  --------  ----------  --------------  -------------------
/opt/airflow/dags/retailscale_daily_pipeline.py                           1           0  0.36s           2026-09-06T16:35:49
================================================================================
[2026-09-06T16:36:49.318+0000] {manager.py:878} INFO - 
================================================================================
DAG File Processing Stats

File Path                                        PID    Runtime      # DAGs    # Errors  Last Runtime    Last Run
-----------------------------------------------  -----  ---------  --------  ----------  --------------  -------------------
/opt/airflow/dags/retailscale_daily_pipeline.py                           1           0  0.33s           2026-09-06T16:36:20
================================================================================
[2026-09-06T16:37:19.934+0000] {manager.py:878} INFO - 
================================================================================
DAG File Processing Stats

File Path                                        PID    Runtime      # DAGs    # Errors  Last Runtime    Last Run
-----------------------------------------------  -----  ---------  --------  ----------  --------------  -------------------
/opt/airflow/dags/retailscale_daily_pipeline.py                           1           0  0.33s           2026-09-06T16:36:50
================================================================================
[2026-09-06T16:37:50.283+0000] {manager.py:878} INFO - 
================================================================================
DAG File Processing Stats

File Path                                        PID    Runtime      # DAGs    # Errors  Last Runtime    Last Run
-----------------------------------------------  -----  ---------  --------  ----------  --------------  -------------------
/opt/airflow/dags/retailscale_daily_pipeline.py                           1           0  0.36s           2026-09-06T16:37:21
================================================================================
[2026-09-06T16:38:21.006+0000] {manager.py:878} INFO - 
================================================================================
DAG File Processing Stats

File Path                                        PID    Runtime      # DAGs    # Errors  Last Runtime    Last Run
-----------------------------------------------  -----  ---------  --------  ----------  --------------  -------------------
/opt/airflow/dags/retailscale_daily_pipeline.py                           1           0  0.27s           2026-09-06T16:37:51
================================================================================
[2026-09-06T16:38:51.316+0000] {manager.py:878} INFO - 
================================================================================
DAG File Processing Stats

File Path                                        PID    Runtime      # DAGs    # Errors  Last Runtime    Last Run
-----------------------------------------------  -----  ---------  --------  ----------  --------------  -------------------
/opt/airflow/dags/retailscale_daily_pipeline.py                           1           0  0.18s           2026-09-06T16:38:22
================================================================================
[2026-09-06T16:39:21.736+0000] {manager.py:878} INFO - 
================================================================================
DAG File Processing Stats

File Path                                        PID    Runtime      # DAGs    # Errors  Last Runtime    Last Run
-----------------------------------------------  -----  ---------  --------  ----------  --------------  -------------------
/opt/airflow/dags/retailscale_daily_pipeline.py                           1           0  0.37s           2026-09-06T16:38:52
================================================================================
[2026-09-06T16:39:48.190+0000] {manager.py:737} INFO - Searching for files in /opt/airflow/dags
[2026-09-06T16:39:48.263+0000] {manager.py:740} INFO - There are 1 files in /opt/airflow/dags
[2026-09-06T16:39:52.333+0000] {manager.py:878} INFO - 
================================================================================
DAG File Processing Stats

File Path                                        PID    Runtime      # DAGs    # Errors  Last Runtime    Last Run
-----------------------------------------------  -----  ---------  --------  ----------  --------------  -------------------
/opt/airflow/dags/retailscale_daily_pipeline.py                           1           0  0.33s           2026-09-06T16:39:23
================================================================================
[2026-09-06T16:40:22.741+0000] {manager.py:878} INFO - 
================================================================================
DAG File Processing Stats

File Path                                        PID    Runtime      # DAGs    # Errors  Last Runtime    Last Run
-----------------------------------------------  -----  ---------  --------  ----------  --------------  -------------------
/opt/airflow/dags/retailscale_daily_pipeline.py                           1           0  0.25s           2026-09-06T16:39:53
================================================================================
[2026-09-06T16:40:53.197+0000] {manager.py:878} INFO - 
================================================================================
DAG File Processing Stats

File Path                                        PID    Runtime      # DAGs    # Errors  Last Runtime    Last Run
-----------------------------------------------  -----  ---------  --------  ----------  --------------  -------------------
/opt/airflow/dags/retailscale_daily_pipeline.py                           1           0  0.27s           2026-09-06T16:40:24
================================================================================
[2026-09-06T16:40:54.040+0000] {manager.py:452} INFO - Exiting gracefully upon receiving signal 15
[2026-09-06T16:41:31.570+0000] {manager.py:470} INFO - Processing files using up to 2 processes at a time 
[2026-09-06T16:41:31.577+0000] {manager.py:471} INFO - Process each file at most once every 30 seconds
[2026-09-06T16:41:31.587+0000] {manager.py:472} INFO - Checking for new files in /opt/airflow/dags every 300 seconds
[2026-09-06T16:41:31.592+0000] {manager.py:737} INFO - Searching for files in /opt/airflow/dags
[2026-09-06T16:41:31.632+0000] {manager.py:740} INFO - There are 1 files in /opt/airflow/dags
[2026-09-06T16:41:31.753+0000] {manager.py:878} INFO - 
================================================================================
DAG File Processing Stats

File Path                                          PID  Runtime      # DAGs    # Errors  Last Runtime    Last Run
-----------------------------------------------  -----  ---------  --------  ----------  --------------  ----------
/opt/airflow/dags/retailscale_daily_pipeline.py    172  0.04s             0           0
================================================================================
[2026-09-06T16:42:02.041+0000] {manager.py:878} INFO - 
================================================================================
DAG File Processing Stats

File Path                                          PID  Runtime      # DAGs    # Errors  Last Runtime    Last Run
-----------------------------------------------  -----  ---------  --------  ----------  --------------  -------------------
/opt/airflow/dags/retailscale_daily_pipeline.py    177  0.00s             1           0  0.16s           2026-09-06T16:41:31
================================================================================
[2026-09-06T16:42:32.397+0000] {manager.py:878} INFO - 
================================================================================
DAG File Processing Stats

File Path                                        PID    Runtime      # DAGs    # Errors  Last Runtime    Last Run
-----------------------------------------------  -----  ---------  --------  ----------  --------------  -------------------
/opt/airflow/dags/retailscale_daily_pipeline.py                           1           0  0.43s           2026-09-06T16:42:02
================================================================================
[2026-09-06T16:43:03.090+0000] {manager.py:878} INFO - 
================================================================================
DAG File Processing Stats

File Path                                          PID  Runtime      # DAGs    # Errors  Last Runtime    Last Run
-----------------------------------------------  -----  ---------  --------  ----------  --------------  -------------------
/opt/airflow/dags/retailscale_daily_pipeline.py    187  0.01s             1           0  0.28s           2026-09-06T16:42:33
================================================================================
[2026-09-06T16:43:33.704+0000] {manager.py:878} INFO - 
================================================================================
DAG File Processing Stats

File Path                                          PID  Runtime      # DAGs    # Errors  Last Runtime    Last Run
-----------------------------------------------  -----  ---------  --------  ----------  --------------  -------------------
/opt/airflow/dags/retailscale_daily_pipeline.py    192  0.01s             1           0  0.30s           2026-09-06T16:43:03
================================================================================
[2026-09-06T16:44:04.022+0000] {manager.py:878} INFO - 
================================================================================
DAG File Processing Stats

File Path                                          PID  Runtime      # DAGs    # Errors  Last Runtime    Last Run
-----------------------------------------------  -----  ---------  --------  ----------  --------------  -------------------
/opt/airflow/dags/retailscale_daily_pipeline.py    197  0.01s             1           0  0.26s           2026-09-06T16:43:33
================================================================================
[2026-09-06T16:44:34.587+0000] {manager.py:878} INFO - 
================================================================================
DAG File Processing Stats

File Path                                          PID  Runtime      # DAGs    # Errors  Last Runtime    Last Run
-----------------------------------------------  -----  ---------  --------  ----------  --------------  -------------------
/opt/airflow/dags/retailscale_daily_pipeline.py    230  0.01s             1           0  0.27s           2026-09-06T16:44:04
================================================================================
[2026-09-06T16:45:04.877+0000] {manager.py:878} INFO - 
================================================================================
DAG File Processing Stats

File Path                                        PID    Runtime      # DAGs    # Errors  Last Runtime    Last Run
-----------------------------------------------  -----  ---------  --------  ----------  --------------  -------------------
/opt/airflow/dags/retailscale_daily_pipeline.py                           1           0  0.35s           2026-09-06T16:44:34
================================================================================
[2026-09-06T16:45:35.545+0000] {manager.py:878} INFO - 
================================================================================
DAG File Processing Stats

File Path                                        PID    Runtime      # DAGs    # Errors  Last Runtime    Last Run
-----------------------------------------------  -----  ---------  --------  ----------  --------------  -------------------
/opt/airflow/dags/retailscale_daily_pipeline.py                           1           0  0.32s           2026-09-06T16:45:05
================================================================================
