[2026-09-06T16:44:25.965+0000] {local_task_job_runner.py:120} INFO - ::group::Pre task execution logs
[2026-09-06T16:44:26.033+0000] {taskinstance.py:2076} INFO - Dependencies all met for dep_context=non-requeueable deps ti=<TaskInstance: retailscale_daily_pipeline.snowflake_copy_into manual__2026-09-06T16:44:17.828304+00:00 [queued]>
[2026-09-06T16:44:26.051+0000] {taskinstance.py:2076} INFO - Dependencies all met for dep_context=requeueable deps ti=<TaskInstance: retailscale_daily_pipeline.snowflake_copy_into manual__2026-09-06T16:44:17.828304+00:00 [queued]>
[2026-09-06T16:44:26.053+0000] {taskinstance.py:2306} INFO - Starting attempt 1 of 3
[2026-09-06T16:44:26.074+0000] {taskinstance.py:2330} INFO - Executing <Task(BashOperator): snowflake_copy_into> on 2026-09-06 16:44:17.828304+00:00
[2026-09-06T16:44:26.089+0000] {logging_mixin.py:188} WARNING - /home/***/.local/lib/python3.12/site-packages/***/task/task_runner/standard_task_runner.py:62 DeprecationWarning: This process (pid=205) is multi-threaded, use of fork() may lead to deadlocks in the child.
[2026-09-06T16:44:26.086+0000] {standard_task_runner.py:90} INFO - Running: ['***', 'tasks', 'run', 'retailscale_daily_pipeline', 'snowflake_copy_into', 'manual__2026-09-06T16:44:17.828304+00:00', '--job-id', '10', '--raw', '--subdir', 'DAGS_FOLDER/retailscale_daily_pipeline.py', '--cfg-path', '/tmp/tmp4uxq53p0']
[2026-09-06T16:44:26.091+0000] {standard_task_runner.py:64} INFO - Started process 206 to run task
[2026-09-06T16:44:26.091+0000] {standard_task_runner.py:91} INFO - Job 10: Subtask snowflake_copy_into
[2026-09-06T16:44:26.183+0000] {task_command.py:426} INFO - Running <TaskInstance: retailscale_daily_pipeline.snowflake_copy_into manual__2026-09-06T16:44:17.828304+00:00 [running]> on host 395f6e03749a
[2026-09-06T16:44:26.278+0000] {taskinstance.py:2648} INFO - Exporting env vars: AIRFLOW_CTX_DAG_OWNER='retailscale' AIRFLOW_CTX_DAG_ID='retailscale_daily_pipeline' AIRFLOW_CTX_TASK_ID='snowflake_copy_into' AIRFLOW_CTX_EXECUTION_DATE='2026-09-06T16:44:17.828304+00:00' AIRFLOW_CTX_TRY_NUMBER='1' AIRFLOW_CTX_DAG_RUN_ID='manual__2026-09-06T16:44:17.828304+00:00'
[2026-09-06T16:44:26.279+0000] {taskinstance.py:430} INFO - ::endgroup::
[2026-09-06T16:44:26.294+0000] {subprocess.py:63} INFO - Tmp dir root location: /tmp
[2026-09-06T16:44:26.295+0000] {subprocess.py:75} INFO - Running command: ['/usr/bin/bash', '-c', 'echo "TODO: run COPY INTO via Snowflake operator/hook"']
[2026-09-06T16:44:26.305+0000] {subprocess.py:86} INFO - Output:
[2026-09-06T16:44:26.307+0000] {subprocess.py:93} INFO - TODO: run COPY INTO via Snowflake operator/hook
[2026-09-06T16:44:26.308+0000] {subprocess.py:97} INFO - Command exited with return code 0
[2026-09-06T16:44:26.309+0000] {taskinstance.py:441} INFO - ::group::Post task execution logs
[2026-09-06T16:44:26.337+0000] {taskinstance.py:1206} INFO - Marking task as SUCCESS. dag_id=retailscale_daily_pipeline, task_id=snowflake_copy_into, run_id=manual__2026-09-06T16:44:17.828304+00:00, execution_date=20260906T164417, start_date=20260906T164426, end_date=20260906T164426
[2026-09-06T16:44:26.388+0000] {local_task_job_runner.py:243} INFO - Task exited with return code 0
[2026-09-06T16:44:26.445+0000] {taskinstance.py:3503} INFO - 1 downstream tasks scheduled from follow-on schedule check
[2026-09-06T16:44:26.450+0000] {local_task_job_runner.py:222} INFO - ::endgroup::
