[2026-09-06T15:40:50.286+0000] {local_task_job_runner.py:120} INFO - ::group::Pre task execution logs
[2026-09-06T15:40:50.330+0000] {taskinstance.py:2076} INFO - Dependencies all met for dep_context=non-requeueable deps ti=<TaskInstance: retailscale_daily_pipeline.dbt_run scheduled__2026-09-05T00:00:00+00:00 [queued]>
[2026-09-06T15:40:50.341+0000] {taskinstance.py:2076} INFO - Dependencies all met for dep_context=requeueable deps ti=<TaskInstance: retailscale_daily_pipeline.dbt_run scheduled__2026-09-05T00:00:00+00:00 [queued]>
[2026-09-06T15:40:50.342+0000] {taskinstance.py:2306} INFO - Starting attempt 2 of 3
[2026-09-06T15:40:50.357+0000] {taskinstance.py:2330} INFO - Executing <Task(BashOperator): dbt_run> on 2026-09-05 00:00:00+00:00
[2026-09-06T15:40:50.370+0000] {logging_mixin.py:188} WARNING - /home/***/.local/lib/python3.12/site-packages/***/task/task_runner/standard_task_runner.py:62 DeprecationWarning: This process (pid=246) is multi-threaded, use of fork() may lead to deadlocks in the child.
[2026-09-06T15:40:50.367+0000] {standard_task_runner.py:90} INFO - Running: ['***', 'tasks', 'run', 'retailscale_daily_pipeline', 'dbt_run', 'scheduled__2026-09-05T00:00:00+00:00', '--job-id', '5', '--raw', '--subdir', 'DAGS_FOLDER/retailscale_daily_pipeline.py', '--cfg-path', '/tmp/tmpf51rems5']
[2026-09-06T15:40:50.374+0000] {standard_task_runner.py:64} INFO - Started process 247 to run task
[2026-09-06T15:40:50.376+0000] {standard_task_runner.py:91} INFO - Job 5: Subtask dbt_run
[2026-09-06T15:40:50.493+0000] {task_command.py:426} INFO - Running <TaskInstance: retailscale_daily_pipeline.dbt_run scheduled__2026-09-05T00:00:00+00:00 [running]> on host 7599546dd8a7
[2026-09-06T15:40:50.654+0000] {taskinstance.py:2648} INFO - Exporting env vars: AIRFLOW_CTX_DAG_OWNER='retailscale' AIRFLOW_CTX_DAG_ID='retailscale_daily_pipeline' AIRFLOW_CTX_TASK_ID='dbt_run' AIRFLOW_CTX_EXECUTION_DATE='2026-09-05T00:00:00+00:00' AIRFLOW_CTX_TRY_NUMBER='2' AIRFLOW_CTX_DAG_RUN_ID='scheduled__2026-09-05T00:00:00+00:00'
[2026-09-06T15:40:50.655+0000] {taskinstance.py:430} INFO - ::endgroup::
[2026-09-06T15:40:50.668+0000] {subprocess.py:63} INFO - Tmp dir root location: /tmp
[2026-09-06T15:40:50.670+0000] {subprocess.py:75} INFO - Running command: ['/usr/bin/bash', '-c', 'cd /opt/***/dbt_retailscale && dbt run']
[2026-09-06T15:40:50.679+0000] {subprocess.py:86} INFO - Output:
[2026-09-06T15:40:50.683+0000] {subprocess.py:93} INFO - /usr/bin/bash: line 1: dbt: command not found
[2026-09-06T15:40:50.684+0000] {subprocess.py:97} INFO - Command exited with return code 127
[2026-09-06T15:40:50.685+0000] {taskinstance.py:441} INFO - ::group::Post task execution logs
[2026-09-06T15:40:50.695+0000] {taskinstance.py:2905} ERROR - Task failed with exception
Traceback (most recent call last):
  File "/home/airflow/.local/lib/python3.12/site-packages/airflow/models/taskinstance.py", line 465, in _execute_task
    result = _execute_callable(context=context, **execute_callable_kwargs)
             ^^^^^^^^^^^^^^^^^^^^^^^^^^^^^^^^^^^^^^^^^^^^^^^^^^^^^^^^^^^^^
  File "/home/airflow/.local/lib/python3.12/site-packages/airflow/models/taskinstance.py", line 432, in _execute_callable
    return execute_callable(context=context, **execute_callable_kwargs)
           ^^^^^^^^^^^^^^^^^^^^^^^^^^^^^^^^^^^^^^^^^^^^^^^^^^^^^^^^^^^^
  File "/home/airflow/.local/lib/python3.12/site-packages/airflow/models/baseoperator.py", line 401, in wrapper
    return func(self, *args, **kwargs)
           ^^^^^^^^^^^^^^^^^^^^^^^^^^^
  File "/home/airflow/.local/lib/python3.12/site-packages/airflow/operators/bash.py", line 243, in execute
    raise AirflowException(
airflow.exceptions.AirflowException: Bash command failed. The command returned a non-zero exit code 127.
[2026-09-06T15:40:50.700+0000] {taskinstance.py:1206} INFO - Marking task as UP_FOR_RETRY. dag_id=retailscale_daily_pipeline, task_id=dbt_run, run_id=scheduled__2026-09-05T00:00:00+00:00, execution_date=20260905T000000, start_date=20260906T154050, end_date=20260906T154050
[2026-09-06T15:40:50.714+0000] {standard_task_runner.py:110} ERROR - Failed to execute job 5 for task dbt_run (Bash command failed. The command returned a non-zero exit code 127.; 247)
[2026-09-06T15:40:50.752+0000] {local_task_job_runner.py:243} INFO - Task exited with return code 1
[2026-09-06T15:40:50.795+0000] {taskinstance.py:3503} INFO - 0 downstream tasks scheduled from follow-on schedule check
[2026-09-06T15:40:50.800+0000] {local_task_job_runner.py:222} INFO - ::endgroup::
