[2026-09-06T16:44:21.026+0000] {local_task_job_runner.py:120} INFO - ::group::Pre task execution logs
[2026-09-06T16:44:21.118+0000] {taskinstance.py:2076} INFO - Dependencies all met for dep_context=non-requeueable deps ti=<TaskInstance: retailscale_daily_pipeline.upload_to_s3 manual__2026-09-06T16:44:17.828304+00:00 [queued]>
[2026-09-06T16:44:21.142+0000] {taskinstance.py:2076} INFO - Dependencies all met for dep_context=requeueable deps ti=<TaskInstance: retailscale_daily_pipeline.upload_to_s3 manual__2026-09-06T16:44:17.828304+00:00 [queued]>
[2026-09-06T16:44:21.144+0000] {taskinstance.py:2306} INFO - Starting attempt 1 of 3
[2026-09-06T16:44:21.166+0000] {taskinstance.py:2330} INFO - Executing <Task(PythonOperator): upload_to_s3> on 2026-09-06 16:44:17.828304+00:00
[2026-09-06T16:44:21.189+0000] {standard_task_runner.py:90} INFO - Running: ['***', 'tasks', 'run', 'retailscale_daily_pipeline', 'upload_to_s3', 'manual__2026-09-06T16:44:17.828304+00:00', '--job-id', '9', '--raw', '--subdir', 'DAGS_FOLDER/retailscale_daily_pipeline.py', '--cfg-path', '/tmp/tmp1cpayu5p']
[2026-09-06T16:44:21.190+0000] {logging_mixin.py:188} WARNING - /home/***/.local/lib/python3.12/site-packages/***/task/task_runner/standard_task_runner.py:62 DeprecationWarning: This process (pid=202) is multi-threaded, use of fork() may lead to deadlocks in the child.
[2026-09-06T16:44:21.207+0000] {standard_task_runner.py:91} INFO - Job 9: Subtask upload_to_s3
[2026-09-06T16:44:21.210+0000] {standard_task_runner.py:64} INFO - Started process 203 to run task
[2026-09-06T16:44:21.500+0000] {task_command.py:426} INFO - Running <TaskInstance: retailscale_daily_pipeline.upload_to_s3 manual__2026-09-06T16:44:17.828304+00:00 [running]> on host 395f6e03749a
[2026-09-06T16:44:21.783+0000] {taskinstance.py:2648} INFO - Exporting env vars: AIRFLOW_CTX_DAG_OWNER='retailscale' AIRFLOW_CTX_DAG_ID='retailscale_daily_pipeline' AIRFLOW_CTX_TASK_ID='upload_to_s3' AIRFLOW_CTX_EXECUTION_DATE='2026-09-06T16:44:17.828304+00:00' AIRFLOW_CTX_TRY_NUMBER='1' AIRFLOW_CTX_DAG_RUN_ID='manual__2026-09-06T16:44:17.828304+00:00'
[2026-09-06T16:44:21.784+0000] {taskinstance.py:430} INFO - ::endgroup::
[2026-09-06T16:44:24.805+0000] {logging_mixin.py:188} INFO - 
Ingestion date: 2026-09-06
Uploaded (0):
Skipped, already present (9):
  = bronze/orders/ingestion_date=2026-09-06/olist_orders_dataset.csv
  = bronze/order_items/ingestion_date=2026-09-06/olist_order_items_dataset.csv
  = bronze/customers/ingestion_date=2026-09-06/olist_customers_dataset.csv
  = bronze/products/ingestion_date=2026-09-06/olist_products_dataset.csv
  = bronze/sellers/ingestion_date=2026-09-06/olist_sellers_dataset.csv
  = bronze/payments/ingestion_date=2026-09-06/olist_order_payments_dataset.csv
  = bronze/reviews/ingestion_date=2026-09-06/olist_order_reviews_dataset.csv
  = bronze/geolocation/ingestion_date=2026-09-06/olist_geolocation_dataset.csv
  = bronze/category_translation/ingestion_date=2026-09-06/product_category_name_translation.csv
[2026-09-06T16:44:24.807+0000] {python.py:237} INFO - Done. Returned value was: None
[2026-09-06T16:44:24.808+0000] {taskinstance.py:441} INFO - ::group::Post task execution logs
[2026-09-06T16:44:24.818+0000] {taskinstance.py:1206} INFO - Marking task as SUCCESS. dag_id=retailscale_daily_pipeline, task_id=upload_to_s3, run_id=manual__2026-09-06T16:44:17.828304+00:00, execution_date=20260906T164417, start_date=20260906T164421, end_date=20260906T164424
[2026-09-06T16:44:24.868+0000] {local_task_job_runner.py:243} INFO - Task exited with return code 0
[2026-09-06T16:44:24.908+0000] {taskinstance.py:3503} INFO - 1 downstream tasks scheduled from follow-on schedule check
[2026-09-06T16:44:24.911+0000] {local_task_job_runner.py:222} INFO - ::endgroup::
