[2026-09-06T16:44:26.969+0000] {local_task_job_runner.py:120} INFO - ::group::Pre task execution logs
[2026-09-06T16:44:27.021+0000] {taskinstance.py:2076} INFO - Dependencies all met for dep_context=non-requeueable deps ti=<TaskInstance: retailscale_daily_pipeline.dbt_run manual__2026-09-06T16:44:17.828304+00:00 [queued]>
[2026-09-06T16:44:27.033+0000] {taskinstance.py:2076} INFO - Dependencies all met for dep_context=requeueable deps ti=<TaskInstance: retailscale_daily_pipeline.dbt_run manual__2026-09-06T16:44:17.828304+00:00 [queued]>
[2026-09-06T16:44:27.035+0000] {taskinstance.py:2306} INFO - Starting attempt 1 of 3
[2026-09-06T16:44:27.055+0000] {taskinstance.py:2330} INFO - Executing <Task(BashOperator): dbt_run> on 2026-09-06 16:44:17.828304+00:00
[2026-09-06T16:44:27.062+0000] {logging_mixin.py:188} WARNING - /home/***/.local/lib/python3.12/site-packages/***/task/task_runner/standard_task_runner.py:62 DeprecationWarning: This process (pid=208) is multi-threaded, use of fork() may lead to deadlocks in the child.
[2026-09-06T16:44:27.064+0000] {standard_task_runner.py:64} INFO - Started process 209 to run task
[2026-09-06T16:44:27.063+0000] {standard_task_runner.py:90} INFO - Running: ['***', 'tasks', 'run', 'retailscale_daily_pipeline', 'dbt_run', 'manual__2026-09-06T16:44:17.828304+00:00', '--job-id', '11', '--raw', '--subdir', 'DAGS_FOLDER/retailscale_daily_pipeline.py', '--cfg-path', '/tmp/tmpw3j7dd6s']
[2026-09-06T16:44:27.065+0000] {standard_task_runner.py:91} INFO - Job 11: Subtask dbt_run
[2026-09-06T16:44:27.161+0000] {task_command.py:426} INFO - Running <TaskInstance: retailscale_daily_pipeline.dbt_run manual__2026-09-06T16:44:17.828304+00:00 [running]> on host 395f6e03749a
[2026-09-06T16:44:27.256+0000] {taskinstance.py:2648} INFO - Exporting env vars: AIRFLOW_CTX_DAG_OWNER='retailscale' AIRFLOW_CTX_DAG_ID='retailscale_daily_pipeline' AIRFLOW_CTX_TASK_ID='dbt_run' AIRFLOW_CTX_EXECUTION_DATE='2026-09-06T16:44:17.828304+00:00' AIRFLOW_CTX_TRY_NUMBER='1' AIRFLOW_CTX_DAG_RUN_ID='manual__2026-09-06T16:44:17.828304+00:00'
[2026-09-06T16:44:27.257+0000] {taskinstance.py:430} INFO - ::endgroup::
[2026-09-06T16:44:27.286+0000] {subprocess.py:63} INFO - Tmp dir root location: /tmp
[2026-09-06T16:44:27.289+0000] {subprocess.py:75} INFO - Running command: ['/usr/bin/bash', '-c', 'cd /opt/***/dbt_retailscale && dbt run']
[2026-09-06T16:44:27.299+0000] {subprocess.py:86} INFO - Output:
[2026-09-06T16:44:30.349+0000] {subprocess.py:93} INFO - [0m16:44:30  Running with dbt=1.12.3
[2026-09-06T16:44:33.367+0000] {subprocess.py:93} INFO - [0m16:44:33  Registered adapter: snowflake=1.12.0
[2026-09-06T16:44:34.996+0000] {subprocess.py:93} INFO - [0m16:44:34  Found 7 models, 1 snapshot, 5 data tests, 9 sources, 546 macros
[2026-09-06T16:44:35.001+0000] {subprocess.py:93} INFO - [0m16:44:35
[2026-09-06T16:44:35.006+0000] {subprocess.py:93} INFO - [0m16:44:35  Concurrency: 1 threads (target='dev')
[2026-09-06T16:44:35.011+0000] {subprocess.py:93} INFO - [0m16:44:35
[2026-09-06T16:44:38.089+0000] {subprocess.py:93} INFO - [0m16:44:38  1 of 7 START sql view model silver.stg_customers ............................... [RUN]
[2026-09-06T16:44:38.640+0000] {subprocess.py:93} INFO - [0m16:44:38  1 of 7 OK created sql view model silver.stg_customers .......................... [[32mSUCCESS 1[0m in 0.54s]
[2026-09-06T16:44:38.653+0000] {subprocess.py:93} INFO - [0m16:44:38  2 of 7 START sql view model silver.stg_order_items ............................. [RUN]
[2026-09-06T16:44:39.738+0000] {subprocess.py:93} INFO - [0m16:44:39  2 of 7 OK created sql view model silver.stg_order_items ........................ [[32mSUCCESS 1[0m in 1.08s]
[2026-09-06T16:44:39.753+0000] {subprocess.py:93} INFO - [0m16:44:39  3 of 7 START sql view model silver.stg_orders .................................. [RUN]
[2026-09-06T16:44:40.221+0000] {subprocess.py:93} INFO - [0m16:44:40  3 of 7 OK created sql view model silver.stg_orders ............................. [[32mSUCCESS 1[0m in 0.46s]
[2026-09-06T16:44:40.229+0000] {subprocess.py:93} INFO - [0m16:44:40  4 of 7 START sql view model silver.stg_payments ................................ [RUN]
[2026-09-06T16:44:40.659+0000] {subprocess.py:93} INFO - [0m16:44:40  4 of 7 OK created sql view model silver.stg_payments ........................... [[32mSUCCESS 1[0m in 0.43s]
[2026-09-06T16:44:40.676+0000] {subprocess.py:93} INFO - [0m16:44:40  5 of 7 START sql table model gold.dim_customers ................................ [RUN]
[2026-09-06T16:44:43.949+0000] {subprocess.py:93} INFO - [0m16:44:43  5 of 7 OK created sql table model gold.dim_customers ........................... [[32mSUCCESS 99442[0m in 3.27s]
[2026-09-06T16:44:43.965+0000] {subprocess.py:93} INFO - [0m16:44:43  6 of 7 START sql view model silver.int_orders_enriched ......................... [RUN]
[2026-09-06T16:44:44.892+0000] {subprocess.py:93} INFO - [0m16:44:44  6 of 7 OK created sql view model silver.int_orders_enriched .................... [[32mSUCCESS 1[0m in 0.92s]
[2026-09-06T16:44:44.912+0000] {subprocess.py:93} INFO - [0m16:44:44  7 of 7 START sql table model gold.fct_orders ................................... [RUN]
[2026-09-06T16:44:48.869+0000] {subprocess.py:93} INFO - [0m16:44:48  7 of 7 OK created sql table model gold.fct_orders .............................. [[32mSUCCESS 99441[0m in 3.95s]
[2026-09-06T16:44:48.986+0000] {subprocess.py:93} INFO - [0m16:44:48
[2026-09-06T16:44:48.991+0000] {subprocess.py:93} INFO - [0m16:44:48  Finished running 2 table models, 5 view models in 0 hours 0 minutes and 13.97 seconds (13.97s).
[2026-09-06T16:44:49.282+0000] {subprocess.py:93} INFO - [0m16:44:49
[2026-09-06T16:44:49.288+0000] {subprocess.py:93} INFO - [0m16:44:49  [32mCompleted successfully[0m
[2026-09-06T16:44:49.293+0000] {subprocess.py:93} INFO - [0m16:44:49
[2026-09-06T16:44:49.300+0000] {subprocess.py:93} INFO - [0m16:44:49  Done. PASS=7 WARN=0 ERROR=0 SKIP=0 NO-OP=0 REUSED=0 TOTAL=7
[2026-09-06T16:44:50.043+0000] {subprocess.py:97} INFO - Command exited with return code 0
[2026-09-06T16:44:50.047+0000] {taskinstance.py:441} INFO - ::group::Post task execution logs
[2026-09-06T16:44:50.079+0000] {taskinstance.py:1206} INFO - Marking task as SUCCESS. dag_id=retailscale_daily_pipeline, task_id=dbt_run, run_id=manual__2026-09-06T16:44:17.828304+00:00, execution_date=20260906T164417, start_date=20260906T164427, end_date=20260906T164450
[2026-09-06T16:44:50.137+0000] {local_task_job_runner.py:243} INFO - Task exited with return code 0
[2026-09-06T16:44:50.165+0000] {taskinstance.py:3503} INFO - 1 downstream tasks scheduled from follow-on schedule check
[2026-09-06T16:44:50.168+0000] {local_task_job_runner.py:222} INFO - ::endgroup::
