[0m15:28:17.793284 [debug] [MainThread]: Sending event: {'category': 'dbt', 'action': 'invocation', 'label': 'start', 'context': [<snowplow_tracker.self_describing_json.SelfDescribingJson object at 0x00000174409067B0>, <snowplow_tracker.self_describing_json.SelfDescribingJson object at 0x000001743E444B90>, <snowplow_tracker.self_describing_json.SelfDescribingJson object at 0x00000174434179D0>]}


============================== 15:28:17.800938 | 247f95d8-4311-4da0-ba6c-783168134125 ==============================
[0m15:28:17.800938 [info ] [MainThread]: Running with dbt=1.12.3
[0m15:28:17.801654 [debug] [MainThread]: running dbt with arguments {'maximum_seed_size_mib': '1', 'no_print': 'None', 'version_check': 'True', 'target_path': 'None', 'warn_error_options': 'WarnErrorOptionsV2(error=[], warn=[], silence=[])', 'static_parser': 'True', 'printer_width': '80', 'write_json': 'True', 'introspect': 'True', 'log_cache_events': 'False', 'empty': 'None', 'cache_selected_only': 'False', 'log_format': 'default', 'debug': 'False', 'fail_fast': 'False', 'profiles_dir': 'C:\\Users\\shikh\\.dbt', 'send_anonymous_usage_stats': 'True', 'quiet': 'False', 'warn_error': 'None', 'partial_parse': 'True', 'invocation_command': 'dbt init dbt_retailscale', 'hints_enabled': 'True', 'indirect_selection': 'eager', 'use_experimental_parser': 'False', 'use_colors': 'True', 'log_path': 'logs'}
[0m15:28:17.831301 [info ] [MainThread]: Creating dbt configuration folder at C:\Users\shikh\.dbt
[0m15:28:17.833876 [info ] [MainThread]: A project called dbt_retailscale already exists here.
[0m15:28:17.835809 [debug] [MainThread]: Command `dbt init` succeeded at 15:28:17.835596 after 0.43 seconds
[0m15:28:17.836599 [debug] [MainThread]: Sending event: {'category': 'dbt', 'action': 'invocation', 'label': 'end', 'context': [<snowplow_tracker.self_describing_json.SelfDescribingJson object at 0x00000174432F0FC0>, <snowplow_tracker.self_describing_json.SelfDescribingJson object at 0x000001744323ED50>, <snowplow_tracker.self_describing_json.SelfDescribingJson object at 0x0000017443446690>]}
[0m15:28:17.837139 [debug] [MainThread]: Flushing usage events
[0m15:28:19.372475 [debug] [MainThread]: An error was encountered while trying to flush usage events
[0m15:31:02.316025 [debug] [MainThread]: Sending event: {'category': 'dbt', 'action': 'invocation', 'label': 'start', 'context': [<snowplow_tracker.self_describing_json.SelfDescribingJson object at 0x000001F80FF46120>, <snowplow_tracker.self_describing_json.SelfDescribingJson object at 0x000001F80D884B90>, <snowplow_tracker.self_describing_json.SelfDescribingJson object at 0x000001F8128439D0>]}


============================== 15:31:02.328587 | f93efc83-d873-4e00-b2e3-871d92633364 ==============================
[0m15:31:02.328587 [info ] [MainThread]: Running with dbt=1.12.3
[0m15:31:02.329519 [debug] [MainThread]: running dbt with arguments {'static_parser': 'True', 'no_print': 'None', 'version_check': 'True', 'warn_error_options': 'WarnErrorOptionsV2(error=[], warn=[], silence=[])', 'maximum_seed_size_mib': '1', 'target_path': 'None', 'printer_width': '80', 'write_json': 'True', 'introspect': 'True', 'log_cache_events': 'False', 'empty': 'None', 'cache_selected_only': 'False', 'fail_fast': 'False', 'debug': 'False', 'log_format': 'default', 'partial_parse': 'True', 'send_anonymous_usage_stats': 'True', 'quiet': 'False', 'warn_error': 'None', 'profiles_dir': 'C:\\Users\\shikh\\.dbt', 'invocation_command': 'dbt init dbt_retailscale', 'hints_enabled': 'True', 'indirect_selection': 'eager', 'use_experimental_parser': 'False', 'use_colors': 'True', 'log_path': 'logs'}
[0m15:31:02.366380 [debug] [MainThread]: Starter project path: C:\Users\shikh\OneDrive\Desktop\retailProject\venv\Lib\site-packages\dbt\include\starter_project
[0m15:31:02.398016 [info ] [MainThread]: Setting up your profile.
[0m15:31:12.162602 [debug] [MainThread]: Snowflake adapter: Setting snowflake.connector to ERROR (file logging only)
[0m15:31:12.163882 [debug] [MainThread]: Snowflake adapter: Setting botocore to ERROR (file logging only)
[0m15:31:12.164544 [debug] [MainThread]: Snowflake adapter: Setting boto3 to ERROR (file logging only)
[0m15:35:52.911915 [info ] [MainThread]: Profile dbt_retailscale written to C:\Users\shikh\.dbt\profiles.yml using target's profile_template.yml and your supplied values.
[0m15:35:52.916890 [info ] [MainThread]: Running dbt debug to validate the project...
[0m15:35:52.917789 [info ] [MainThread]: dbt version: 1.12.3
[0m15:35:52.918352 [info ] [MainThread]: python version: 3.14.3
[0m15:35:52.918885 [info ] [MainThread]: python path: C:\Users\shikh\OneDrive\Desktop\retailProject\venv\Scripts\python.exe
[0m15:35:52.919430 [info ] [MainThread]: os info: Windows-11-10.0.26200-SP0
[0m15:35:53.023271 [info ] [MainThread]: Using profiles dir at C:\Users\shikh\.dbt
[0m15:35:53.023968 [info ] [MainThread]: Using profiles.yml file at C:\Users\shikh\.dbt\profiles.yml
[0m15:35:53.024356 [info ] [MainThread]: Using dbt_project.yml file at C:\Users\shikh\OneDrive\Desktop\retailProject\dbt_retailscale\dbt_project.yml
[0m15:35:53.026029 [info ] [MainThread]: adapter type: snowflake
[0m15:35:53.026460 [info ] [MainThread]: adapter version: 1.12.0
[0m15:35:53.135430 [info ] [MainThread]: Configuration:
[0m15:35:53.136351 [info ] [MainThread]:   profiles.yml file [[32mOK found and valid[0m]
[0m15:35:53.137307 [info ] [MainThread]:   dbt_project.yml file [[32mOK found and valid[0m]
[0m15:35:53.138543 [info ] [MainThread]: Required dependencies:
[0m15:35:53.139678 [debug] [MainThread]: Executing "git --help"
[0m15:35:53.266403 [debug] [MainThread]: STDOUT: "b"usage: git [-v | --version] [-h | --help] [-C <path>] [-c <name>=<value>]\n           [--exec-path[=<path>]] [--html-path] [--man-path] [--info-path]\n           [-p | --paginate | -P | --no-pager] [--no-replace-objects] [--no-lazy-fetch]\n           [--no-optional-locks] [--no-advice] [--bare] [--git-dir=<path>]\n           [--work-tree=<path>] [--namespace=<name>] [--config-env=<name>=<envvar>]\n           <command> [<args>]\n\nThese are common Git commands used in various situations:\n\nstart a working area (see also: git help tutorial)\n   clone      Clone a repository into a new directory\n   init       Create an empty Git repository or reinitialize an existing one\n\nwork on the current change (see also: git help everyday)\n   add        Add file contents to the index\n   mv         Move or rename a file, a directory, or a symlink\n   restore    Restore working tree files\n   rm         Remove files from the working tree and from the index\n\nexamine the history and state (see also: git help revisions)\n   bisect     Use binary search to find the commit that introduced a bug\n   diff       Show changes between commits, commit and working tree, etc\n   grep       Print lines matching a pattern\n   log        Show commit logs\n   show       Show various types of objects\n   status     Show the working tree status\n\ngrow, mark and tweak your common history\n   backfill   Download missing objects in a partial clone\n   branch     List, create, or delete branches\n   commit     Record changes to the repository\n   merge      Join two or more development histories together\n   rebase     Reapply commits on top of another base tip\n   reset      Reset current HEAD to the specified state\n   switch     Switch branches\n   tag        Create, list, delete or verify tags\n\ncollaborate (see also: git help workflows)\n   fetch      Download objects and refs from another repository\n   pull       Fetch from and integrate with another repository or a local branch\n   push       Update remote refs along with associated objects\n\n'git help -a' and 'git help -g' list available subcommands and some\nconcept guides. See 'git help <command>' or 'git help <concept>'\nto read about a specific subcommand or concept.\nSee 'git help git' for an overview of the system.\n""
[0m15:35:53.266947 [debug] [MainThread]: STDERR: "b''"
[0m15:35:53.267384 [info ] [MainThread]:  - git [[32mOK found[0m]

[0m15:35:53.267911 [info ] [MainThread]: Connection:
[0m15:35:53.268433 [info ] [MainThread]:   account: NKXZSYL-KC97742
[0m15:35:53.268983 [info ] [MainThread]:   user: adnama
[0m15:35:53.270254 [info ] [MainThread]:   database: retailscale_dev
[0m15:35:53.271395 [info ] [MainThread]:   warehouse: retailscale_wh
[0m15:35:53.272448 [info ] [MainThread]:   role: ACCOUNTADMIN
[0m15:35:53.273505 [info ] [MainThread]:   schema: bronze
[0m15:35:53.274373 [info ] [MainThread]:   authenticator: None
[0m15:35:53.274974 [info ] [MainThread]:   oauth_client_id: None
[0m15:35:53.275383 [info ] [MainThread]:   query_tag: None
[0m15:35:53.275807 [info ] [MainThread]:   client_session_keep_alive: False
[0m15:35:53.276201 [info ] [MainThread]:   host: None
[0m15:35:53.276555 [info ] [MainThread]:   port: None
[0m15:35:53.276936 [info ] [MainThread]:   proxy_host: None
[0m15:35:53.277314 [info ] [MainThread]:   proxy_port: None
[0m15:35:53.277707 [info ] [MainThread]:   protocol: None
[0m15:35:53.278182 [info ] [MainThread]:   connect_retries: 1
[0m15:35:53.278604 [info ] [MainThread]:   connect_timeout: None
[0m15:35:53.278962 [info ] [MainThread]:   retry_on_database_errors: False
[0m15:35:53.279358 [info ] [MainThread]:   retry_all: False
[0m15:35:53.279772 [info ] [MainThread]:   insecure_mode: False
[0m15:35:53.280164 [info ] [MainThread]:   reuse_connections: True
[0m15:35:53.280594 [info ] [MainThread]:   s3_stage_vpce_dns_name: None
[0m15:35:53.281049 [info ] [MainThread]:   workload_identity_provider: None
[0m15:35:53.281458 [info ] [MainThread]:   workload_identity_entra_resource: None
[0m15:35:53.281856 [info ] [MainThread]:   platform_detection_timeout_seconds: 0.0
[0m15:35:53.282794 [info ] [MainThread]: Registered adapter: snowflake=1.12.0
[0m15:35:53.763349 [debug] [MainThread]: Acquiring new snowflake connection 'debug'
[0m15:35:53.766478 [debug] [MainThread]: Using snowflake connection "debug"
[0m15:35:53.766921 [debug] [MainThread]: On debug: select 1 as id
[0m15:35:53.767202 [debug] [MainThread]: Opening a new connection, currently in state init
[0m15:35:55.814111 [debug] [MainThread]: SQL status: SUCCESS 1 in 2.047 seconds
[0m15:35:55.816576 [info ] [MainThread]:   Connection test: [[32mOK connection ok[0m]

[0m15:35:55.818075 [info ] [MainThread]: [32mAll checks passed![0m
[0m15:35:55.819499 [info ] [MainThread]: Your new dbt project "dbt_retailscale" was created!
Initialized new project in C:\Users\shikh\OneDrive\Desktop\retailProject\dbt_retailscale\dbt_retailscale

For more information on how to configure the profiles.yml file,
please consult the dbt documentation here:

  https://docs.getdbt.com/docs/configure-your-profile

One more thing:

Need help? Don't hesitate to reach out to us via GitHub issues or on Slack:

  https://community.getdbt.com/

Happy modeling!

[0m15:35:55.823305 [debug] [MainThread]: Command `dbt init` succeeded at 15:35:55.822922 after 294.05 seconds
[0m15:35:55.824156 [debug] [MainThread]: Connection 'debug' was left open.
[0m15:35:55.824898 [debug] [MainThread]: On debug: Close
[0m15:35:55.903115 [debug] [MainThread]: Sending event: {'category': 'dbt', 'action': 'invocation', 'label': 'end', 'context': [<snowplow_tracker.self_describing_json.SelfDescribingJson object at 0x000001F8128F0050>, <snowplow_tracker.self_describing_json.SelfDescribingJson object at 0x000001F80D5A5010>, <snowplow_tracker.self_describing_json.SelfDescribingJson object at 0x000001F814612140>]}
[0m15:35:55.903692 [debug] [MainThread]: Flushing usage events
[0m15:35:57.424416 [debug] [MainThread]: An error was encountered while trying to flush usage events
[0m18:51:56.395394 [debug] [MainThread]: Sending event: {'category': 'dbt', 'action': 'invocation', 'label': 'start', 'context': [<snowplow_tracker.self_describing_json.SelfDescribingJson object at 0x0000011E4B65A120>, <snowplow_tracker.self_describing_json.SelfDescribingJson object at 0x0000011E48F84CD0>, <snowplow_tracker.self_describing_json.SelfDescribingJson object at 0x0000011E4DFAB9D0>]}


============================== 18:51:56.402951 | cdd12463-e0fd-471b-b888-327246175532 ==============================
[0m18:51:56.402951 [info ] [MainThread]: Running with dbt=1.12.3
[0m18:51:56.404366 [debug] [MainThread]: running dbt with arguments {'version_check': 'True', 'no_print': 'None', 'maximum_seed_size_mib': '1', 'warn_error_options': 'WarnErrorOptionsV2(error=[], warn=[], silence=[])', 'static_parser': 'True', 'target_path': 'None', 'printer_width': '80', 'write_json': 'True', 'introspect': 'True', 'log_cache_events': 'False', 'empty': 'False', 'cache_selected_only': 'False', 'log_format': 'default', 'debug': 'False', 'fail_fast': 'False', 'profiles_dir': 'C:\\Users\\shikh\\.dbt', 'send_anonymous_usage_stats': 'True', 'quiet': 'False', 'warn_error': 'None', 'partial_parse': 'True', 'invocation_command': 'dbt snapshot', 'hints_enabled': 'True', 'indirect_selection': 'eager', 'use_experimental_parser': 'False', 'use_colors': 'True', 'log_path': 'logs'}
[0m18:51:56.405110 [error] [MainThread]: [[31mERROR[0m]: Encountered an error:
Runtime Error
  No dbt_project.yml found at expected path C:\Users\shikh\OneDrive\Desktop\retailProject\dbt_project.yml
  Verify that each entry within packages.yml (and their transitive dependencies) contains a file named dbt_project.yml
  
[0m18:51:56.406870 [debug] [MainThread]: Command `dbt snapshot` failed at 18:51:56.406699 after 0.45 seconds
[0m18:51:56.407346 [debug] [MainThread]: Sending event: {'category': 'dbt', 'action': 'invocation', 'label': 'end', 'context': [<snowplow_tracker.self_describing_json.SelfDescribingJson object at 0x0000011E4DF0DCD0>, <snowplow_tracker.self_describing_json.SelfDescribingJson object at 0x0000011E4DF42570>, <snowplow_tracker.self_describing_json.SelfDescribingJson object at 0x0000011E4DFA7AC0>]}
[0m18:51:56.408065 [debug] [MainThread]: Flushing usage events
[0m18:51:57.756096 [debug] [MainThread]: An error was encountered while trying to flush usage events
